../USB_DEVICE/App/usbd_audio_if.c:162:15:AUDIO_Init_FS	24	static
../USB_DEVICE/App/usbd_audio_if.c:177:15:AUDIO_DeInit_FS	16	static
../USB_DEVICE/App/usbd_audio_if.c:192:15:AUDIO_AudioCmd_FS	64	static
../USB_DEVICE/App/usbd_audio_if.c:207:15:AUDIO_VolumeCtl_FS	56	static
../USB_DEVICE/App/usbd_audio_if.c:222:15:AUDIO_MuteCtl_FS	16	static
../USB_DEVICE/App/usbd_audio_if.c:235:15:AUDIO_PeriodicTC_FS	40	static
../USB_DEVICE/App/usbd_audio_if.c:259:15:AUDIO_GetState_FS	4	static
../USB_DEVICE/App/usbd_audio_if.c:270:6:TransferComplete_CallBack_FS	8	static
../USB_DEVICE/App/usbd_audio_if.c:281:6:HalfTransfer_CallBack_FS	8	static
